{"sessionId":"9a388a","runId":"pre-fix","hypothesisId":"A","location":"useDeepgramVoiceAgent.ts:endSession","message":"endSession called","data":{"hadSession":false,"hadMic":false},"timestamp":1788639302500}
{"sessionId":"9a388a","location":"alive","message":"alive","timestamp":1}
{"sessionId":"9a388a","runId":"pre-fix","timestamp":1788639334913,"hypothesisId":"C","location":"deepgram-token/route.ts:GET","message":"minted temp token","data":{"tokenLen":485,"looksLikeJwt":true}}
{"sessionId":"9a388a","runId":"pre-fix","hypothesisId":"A","location":"useDeepgramVoiceAgent.ts:endSession","message":"endSession called","data":{"hadSession":false,"hadMic":false},"timestamp":1788639396676}
{"sessionId":"9a388a","runId":"pre-fix","hypothesisId":"A","location":"useDeepgramVoiceAgent.ts:endSession","message":"endSession called","data":{"hadSession":false,"hadMic":false},"timestamp":1788639400834}
{"sessionId":"9a388a","runId":"pre-fix","hypothesisId":"A","location":"useDeepgramVoiceAgent.ts:endSession","message":"endSession called","data":{"hadSession":false,"hadMic":false},"timestamp":1788639406418}
{"sessionId":"9a388a","runId":"pre-fix","hypothesisId":"A","location":"useDeepgramVoiceAgent.ts:endSession","message":"endSession called","data":{"hadSession":false,"hadMic":false},"timestamp":1788640426958}
{"sessionId":"9a388a","runId":"pre-fix","hypothesisId":"A","location":"useDeepgramVoiceAgent.ts:endSession","message":"endSession called","data":{"hadSession":false,"hadMic":false},"timestamp":1788640523797}
{"sessionId":"9a388a","runId":"pre-fix","hypothesisId":"A","location":"useDeepgramVoiceAgent.ts:endSession","message":"endSession called","data":{"hadSession":false,"hadMic":false},"timestamp":1788640831466}
{"sessionId":"9a388a","runId":"post-fix","hypothesisId":"A","location":"useDeepgramVoiceAgent.ts:startSession","message":"startSession invoked","data":{"runId":1,"hasAgentConfig":true,"listenModel":"nova-3","speakModel":"aura-asteria-en","promptLen":2755},"timestamp":1788640831608}
{"sessionId":"9a388a","runId":"post-fix","hypothesisId":"A","location":"useDeepgramVoiceAgent.ts:endSession","message":"endSession called","data":{"silent":true,"hadSession":false,"hadMic":false},"timestamp":1788640856851}
{"sessionId":"9a388a","runId":"post-fix","hypothesisId":"A","location":"useDeepgramVoiceAgent.ts:startSession","message":"startSession invoked","data":{"runId":3,"hasAgentConfig":true,"listenModel":"nova-3","speakModel":"aura-asteria-en","promptLen":2755},"timestamp":1788640856855}
{"sessionId":"9a388a","runId":"post-fix","hypothesisId":"A","location":"useDeepgramVoiceAgent.ts:startSession","message":"startSession invoked","data":{"runId":1,"hasAgentConfig":true,"listenModel":"nova-3","speakModel":"aura-2-thalia-en","promptLen":2755},"timestamp":1788640886225}
{"sessionId":"9a388a","runId":"post-fix","hypothesisId":"E","location":"useDeepgramVoiceAgent.ts:mic-preflight","message":"mic preflight succeeded","data":{"runId":1,"trackCount":1},"timestamp":1788640886663}
{"sessionId":"9a388a","runId":"pre-fix","timestamp":1788640888601,"hypothesisId":"C","location":"deepgram-token/route.ts:GET","message":"minted temp token","data":{"tokenLen":485,"looksLikeJwt":true}}
{"sessionId":"9a388a","runId":"post-fix","hypothesisId":"C","location":"useDeepgramVoiceAgent.ts:tokenFactory","message":"tokenFactory resolved","data":{"httpStatus":200,"tokenLen":485,"looksLikeJwt":true,"looksLikeJson":false},"timestamp":1788640888614}
{"sessionId":"9a388a","runId":"post-fix","hypothesisId":"B","location":"useDeepgramVoiceAgent.ts:ws-construct","message":"Deepgram WebSocket constructed","data":{"host":"agent.deepgram.com","path":"/v1/agent/converse","protoCount":4,"protoPrefixes":["bearer","eyJ0eXAiOiJKV1QiLCJhbGciOiJIUzI1NiJ9.eyJzdWIiOiI5ZDVlYTRkOC0wNjFlLTQ3ZWQtYjNiNS1iMDhmNTMwMDc5M2IiLCJleHAiOjE3ODg2NDQ0ODgsImp0aSI6Ijk4MWQ5M2U3LWUxYmUtNGViMC1hNWRiLWY5ZTNjNjE2MDRmYSIsInN1YmplY3QiOiI5ZDVlYTRkOC0wNjFlLTQ3ZWQtYjNiNS1iMDhmNTMwMDc5M2IiLCJzY29wZXMiOlsiYXNyOndyaXRlIl0sInByb2plY3RfY2xhaW1zIjpbInVzYWdlOndyaXRlIl0sImFjY2Vzc29yIjoiNTdjOTM0MDEtNDIyZC00MjRhLThkZmUtNTk0OGI1YjQyNTM0IiwiY3JlYXRlZCI6IjIwMjYtMDktMDVUMTk6MzQ6MDkuNDU3ODI0WiJ9.zZ5ejnSw7Rcg_ZTwEYej5Uy2bj-CaGdq8r6L8X7ZAvA","x-deepgram-session-id","a70904f2-507e-43de-ad65-296847c2c915"]},"timestamp":1788640888618}
{"sessionId":"9a388a","runId":"post-fix","hypothesisId":"B","location":"useDeepgramVoiceAgent.ts:ws-open","message":"Deepgram WebSocket OPEN","data":{"readyState":1,"protocolLen":6,"urlHost":"agent.deepgram.com","path":"/v1/agent/converse","selectedProtocolPrefix":"bearer"},"timestamp":1788640889674}
{"sessionId":"9a388a","runId":"post-fix","hypothesisId":"D","location":"useDeepgramVoiceAgent.ts:settings-applied","message":"settings-applied received","data":{"hasMsg":true},"timestamp":1788640889990}
{"sessionId":"9a388a","runId":"post-fix","hypothesisId":"E","location":"useDeepgramVoiceAgent.ts:mic-preflight","message":"mic preflight succeeded","data":{"runId":1,"trackCount":1},"timestamp":1788640905674}
{"sessionId":"9a388a","runId":"post-fix","hypothesisId":"E","location":"useDeepgramVoiceAgent.ts:mic-preflight","message":"mic preflight succeeded","data":{"runId":3,"trackCount":1},"timestamp":1788640905713}
{"sessionId":"9a388a","runId":"pre-fix","timestamp":1788640907428,"hypothesisId":"C","location":"deepgram-token/route.ts:GET","message":"minted temp token","data":{"tokenLen":485,"looksLikeJwt":true}}
{"sessionId":"9a388a","runId":"post-fix","hypothesisId":"B","location":"useDeepgramVoiceAgent.ts:ws-construct","message":"Deepgram WebSocket constructed","data":{"host":"agent.deepgram.com","path":"/v1/agent/converse","protoCount":4,"protoPrefixes":["bearer","eyJ0eXAiOiJKV1QiLCJhbGciOiJIUzI1NiJ9.eyJzdWIiOiI5ZDVlYTRkOC0wNjFlLTQ3ZWQtYjNiNS1iMDhmNTMwMDc5M2IiLCJleHAiOjE3ODg2NDQ1MDcsImp0aSI6IjkwYzgxNWExLTZlM2UtNGMwYS1hYWI2LWYzMDk5MDU1YmFhNyIsInN1YmplY3QiOiI5ZDVlYTRkOC0wNjFlLTQ3ZWQtYjNiNS1iMDhmNTMwMDc5M2IiLCJzY29wZXMiOlsiYXNyOndyaXRlIl0sInByb2plY3RfY2xhaW1zIjpbInVzYWdlOndyaXRlIl0sImFjY2Vzc29yIjoiNTdjOTM0MDEtNDIyZC00MjRhLThkZmUtNTk0OGI1YjQyNTM0IiwiY3JlYXRlZCI6IjIwMjYtMDktMDVUMTk6MzQ6MDkuNDU3ODI0WiJ9.U7snVM18LC6jlzBsjf62057_s0jpLCoKFa_Zm3KbZ50","x-deepgram-session-id","c09d4e6d-bfb6-4573-9eb4-cb262ace7035"]},"timestamp":1788640907508}
{"sessionId":"9a388a","runId":"post-fix","hypothesisId":"C","location":"useDeepgramVoiceAgent.ts:tokenFactory","message":"tokenFactory resolved","data":{"httpStatus":200,"tokenLen":485,"looksLikeJwt":true,"looksLikeJson":false},"timestamp":1788640907496}
{"sessionId":"9a388a","runId":"post-fix","hypothesisId":"B","location":"useDeepgramVoiceAgent.ts:ws-open","message":"Deepgram WebSocket OPEN","data":{"readyState":1,"protocolLen":6,"urlHost":"agent.deepgram.com","path":"/v1/agent/converse","selectedProtocolPrefix":"bearer"},"timestamp":1788640908579}
{"sessionId":"9a388a","runId":"post-fix","hypothesisId":"D","location":"useDeepgramVoiceAgent.ts:settings-applied","message":"settings-applied received","data":{"hasMsg":true},"timestamp":1788640908893}
{"sessionId":"9a388a","runId":"post-fix","hypothesisId":"A","location":"useDeepgramVoiceAgent.ts:endSession","message":"endSession called","data":{"silent":true,"hadSession":true,"hadMic":true},"timestamp":1788640921918}
{"sessionId":"9a388a","runId":"post-fix","hypothesisId":"A","location":"useDeepgramVoiceAgent.ts:startSession","message":"startSession invoked","data":{"runId":5,"hasAgentConfig":true,"listenModel":"nova-3","speakModel":"aura-asteria-en","promptLen":2755},"timestamp":1788640921925}
{"sessionId":"9a388a","runId":"post-fix","hypothesisId":"E","location":"useDeepgramVoiceAgent.ts:mic-preflight","message":"mic preflight succeeded","data":{"runId":5,"trackCount":1},"timestamp":1788640922131}
{"sessionId":"9a388a","runId":"post-fix","hypothesisId":"B","location":"useDeepgramVoiceAgent.ts:ws-close","message":"Deepgram WebSocket CLOSED","data":{"code":1000,"reason":"(none)","wasClean":true,"readyState":3},"timestamp":1788640922210}
{"sessionId":"9a388a","runId":"pre-fix","timestamp":1788640923194,"hypothesisId":"C","location":"deepgram-token/route.ts:GET","message":"minted temp token","data":{"tokenLen":485,"looksLikeJwt":true}}
{"sessionId":"9a388a","runId":"post-fix","hypothesisId":"C","location":"useDeepgramVoiceAgent.ts:tokenFactory","message":"tokenFactory resolved","data":{"httpStatus":200,"tokenLen":485,"looksLikeJwt":true,"looksLikeJson":false},"timestamp":1788640923208}
{"sessionId":"9a388a","runId":"post-fix","hypothesisId":"B","location":"useDeepgramVoiceAgent.ts:ws-construct","message":"Deepgram WebSocket constructed","data":{"host":"agent.deepgram.com","path":"/v1/agent/converse","protoCount":4,"protoPrefixes":["bearer","eyJ0eXAiOiJKV1QiLCJhbGciOiJIUzI1NiJ9.eyJzdWIiOiI5ZDVlYTRkOC0wNjFlLTQ3ZWQtYjNiNS1iMDhmNTMwMDc5M2IiLCJleHAiOjE3ODg2NDQ1MjMsImp0aSI6ImQzZWIxNGE4LTdlODQtNDJlMC1iZTUxLThkOWViYmRjNThhZCIsInN1YmplY3QiOiI5ZDVlYTRkOC0wNjFlLTQ3ZWQtYjNiNS1iMDhmNTMwMDc5M2IiLCJzY29wZXMiOlsiYXNyOndyaXRlIl0sInByb2plY3RfY2xhaW1zIjpbInVzYWdlOndyaXRlIl0sImFjY2Vzc29yIjoiNTdjOTM0MDEtNDIyZC00MjRhLThkZmUtNTk0OGI1YjQyNTM0IiwiY3JlYXRlZCI6IjIwMjYtMDktMDVUMTk6MzQ6MDkuNDU3ODI0WiJ9.vn35CvQerIhQomsfohibvTodQHXHjD4DVp4-8wERraA","x-deepgram-session-id","7f2c116c-369e-4426-81dd-89ce51f38aec"]},"timestamp":1788640923210}
{"sessionId":"9a388a","runId":"post-fix","hypothesisId":"B","location":"useDeepgramVoiceAgent.ts:ws-open","message":"Deepgram WebSocket OPEN","data":{"readyState":1,"protocolLen":6,"urlHost":"agent.deepgram.com","path":"/v1/agent/converse","selectedProtocolPrefix":"bearer"},"timestamp":1788640924124}
{"sessionId":"9a388a","runId":"post-fix","hypothesisId":"D","location":"useDeepgramVoiceAgent.ts:settings-applied","message":"settings-applied received","data":{"hasMsg":true},"timestamp":1788640924444}
